// Jest Snapshot v1, https://goo.gl/fbAQLP

exports[`execute 1`] = `
Object {
  "data": Object {
    "createUser": Object {
      "user": Object {
        "id": 1,
        "name": "Bobby Tables",
        "nodeId": "WyJ1c2VycyIsMV0=",
      },
    },
    "createUserFile": Object {
      "userFile": Object {
        "filename": "foo.txt",
        "id": 1,
        "userByUserId": Object {
          "id": 1,
          "name": "Bobby Tables",
        },
      },
    },
  },
}
`;
