// Jest Snapshot v1, https://goo.gl/fbAQLP

exports[`execute 1`] = `
Object {
  "data": Object {
    "deleteTypeById": null,
  },
  "errors": Array [
    [GraphQLError: Nope.],
  ],
}
`;
