// Jest Snapshot v1, https://goo.gl/fbAQLP

exports[`execute 1`] = `
Object {
  "data": Object {
    "a": Object {
      "alwaysAsIdentity": Object {
        "id": 1,
        "t": "test",
      },
    },
    "b": Object {
      "byDefaultAsIdentity": Object {
        "id": 1,
        "t": "test",
      },
    },
    "c": Object {
      "byDefaultAsIdentity": Object {
        "id": 100,
        "t": "test",
      },
    },
  },
}
`;
