// Jest Snapshot v1, https://goo.gl/fbAQLP

exports[`execute 1`] = `
Object {
  "data": Object {
    "a": Object {
      "nodes": Array [
        Object {
          "id": 1,
          "jsonData": Object {
            "stringField": "test",
          },
        },
      ],
    },
    "b": Object {
      "nodes": Array [
        Object {
          "id": 1,
          "jsonData": Object {
            "stringField": "test",
          },
        },
      ],
    },
    "c": Object {
      "nodes": Array [
        Object {
          "id": 1,
          "jsonData": Object {
            "stringField": "test",
          },
        },
      ],
    },
  },
}
`;
