// Jest Snapshot v1, https://goo.gl/fbAQLP

exports[`execute 1`] = `
Object {
  "data": Object {
    "allPeople": Object {
      "nodes": Array [
        Object {
          "aliases": Array [],
          "id": 1,
          "name": "John Smith",
        },
      ],
    },
  },
}
`;
