// Jest Snapshot v1, https://goo.gl/fbAQLP

exports[`execute 1`] = `
Object {
  "data": Object {
    "allPosts": Object {
      "nodes": Array [
        Object {
          "a1": "…",
          "a10": "No… It’s …",
          "a100": "No… It’s a thing; it’s like a plan, but with more greatness.…",
          "a101": "No… It’s a thing; it’s like a plan, but with more greatness.…",
          "a102": "No… It’s a thing; it’s like a plan, but with more greatness.…",
          "a103": "No… It’s a thing; it’s like a plan, but with more greatness.…",
          "a11": "No… It’s a…",
          "a12": "No… It’s a …",
          "a13": "No… It’s a t…",
          "a14": "No… It’s a th…",
          "a15": "No… It’s a thi…",
          "a16": "No… It’s a thin…",
          "a17": "No… It’s a thing…",
          "a18": "No… It’s a thing;…",
          "a19": "No… It’s a thing; …",
          "a2": "N…",
          "a20": "No… It’s a thing; i…",
          "a21": "No… It’s a thing; it…",
          "a22": "No… It’s a thing; it’…",
          "a23": "No… It’s a thing; it’s…",
          "a24": "No… It’s a thing; it’s …",
          "a25": "No… It’s a thing; it’s l…",
          "a26": "No… It’s a thing; it’s li…",
          "a27": "No… It’s a thing; it’s lik…",
          "a28": "No… It’s a thing; it’s like…",
          "a29": "No… It’s a thing; it’s like …",
          "a3": "No…",
          "a30": "No… It’s a thing; it’s like a…",
          "a31": "No… It’s a thing; it’s like a …",
          "a32": "No… It’s a thing; it’s like a p…",
          "a33": "No… It’s a thing; it’s like a pl…",
          "a34": "No… It’s a thing; it’s like a pla…",
          "a35": "No… It’s a thing; it’s like a plan…",
          "a36": "No… It’s a thing; it’s like a plan,…",
          "a37": "No… It’s a thing; it’s like a plan, …",
          "a38": "No… It’s a thing; it’s like a plan, b…",
          "a39": "No… It’s a thing; it’s like a plan, bu…",
          "a4": "No……",
          "a40": "No… It’s a thing; it’s like a plan, but…",
          "a41": "No… It’s a thing; it’s like a plan, but …",
          "a42": "No… It’s a thing; it’s like a plan, but w…",
          "a43": "No… It’s a thing; it’s like a plan, but wi…",
          "a44": "No… It’s a thing; it’s like a plan, but wit…",
          "a45": "No… It’s a thing; it’s like a plan, but with…",
          "a46": "No… It’s a thing; it’s like a plan, but with …",
          "a47": "No… It’s a thing; it’s like a plan, but with m…",
          "a48": "No… It’s a thing; it’s like a plan, but with mo…",
          "a49": "No… It’s a thing; it’s like a plan, but with mor…",
          "a5": "No… …",
          "a50": "No… It’s a thing; it’s like a plan, but with more…",
          "a51": "No… It’s a thing; it’s like a plan, but with more …",
          "a52": "No… It’s a thing; it’s like a plan, but with more g…",
          "a53": "No… It’s a thing; it’s like a plan, but with more gr…",
          "a54": "No… It’s a thing; it’s like a plan, but with more gre…",
          "a55": "No… It’s a thing; it’s like a plan, but with more grea…",
          "a56": "No… It’s a thing; it’s like a plan, but with more great…",
          "a57": "No… It’s a thing; it’s like a plan, but with more greatn…",
          "a58": "No… It’s a thing; it’s like a plan, but with more greatne…",
          "a59": "No… It’s a thing; it’s like a plan, but with more greatnes…",
          "a6": "No… I…",
          "a60": "No… It’s a thing; it’s like a plan, but with more greatness…",
          "a61": "No… It’s a thing; it’s like a plan, but with more greatness.…",
          "a62": "No… It’s a thing; it’s like a plan, but with more greatness.…",
          "a63": "No… It’s a thing; it’s like a plan, but with more greatness.…",
          "a64": "No… It’s a thing; it’s like a plan, but with more greatness.…",
          "a65": "No… It’s a thing; it’s like a plan, but with more greatness.…",
          "a66": "No… It’s a thing; it’s like a plan, but with more greatness.…",
          "a67": "No… It’s a thing; it’s like a plan, but with more greatness.…",
          "a68": "No… It’s a thing; it’s like a plan, but with more greatness.…",
          "a69": "No… It’s a thing; it’s like a plan, but with more greatness.…",
          "a7": "No… It…",
          "a70": "No… It’s a thing; it’s like a plan, but with more greatness.…",
          "a71": "No… It’s a thing; it’s like a plan, but with more greatness.…",
          "a72": "No… It’s a thing; it’s like a plan, but with more greatness.…",
          "a73": "No… It’s a thing; it’s like a plan, but with more greatness.…",
          "a74": "No… It’s a thing; it’s like a plan, but with more greatness.…",
          "a75": "No… It’s a thing; it’s like a plan, but with more greatness.…",
          "a76": "No… It’s a thing; it’s like a plan, but with more greatness.…",
          "a77": "No… It’s a thing; it’s like a plan, but with more greatness.…",
          "a78": "No… It’s a thing; it’s like a plan, but with more greatness.…",
          "a79": "No… It’s a thing; it’s like a plan, but with more greatness.…",
          "a8": "No… It’…",
          "a80": "No… It’s a thing; it’s like a plan, but with more greatness.…",
          "a81": "No… It’s a thing; it’s like a plan, but with more greatness.…",
          "a82": "No… It’s a thing; it’s like a plan, but with more greatness.…",
          "a83": "No… It’s a thing; it’s like a plan, but with more greatness.…",
          "a84": "No… It’s a thing; it’s like a plan, but with more greatness.…",
          "a85": "No… It’s a thing; it’s like a plan, but with more greatness.…",
          "a86": "No… It’s a thing; it’s like a plan, but with more greatness.…",
          "a87": "No… It’s a thing; it’s like a plan, but with more greatness.…",
          "a88": "No… It’s a thing; it’s like a plan, but with more greatness.…",
          "a89": "No… It’s a thing; it’s like a plan, but with more greatness.…",
          "a9": "No… It’s…",
          "a90": "No… It’s a thing; it’s like a plan, but with more greatness.…",
          "a91": "No… It’s a thing; it’s like a plan, but with more greatness.…",
          "a92": "No… It’s a thing; it’s like a plan, but with more greatness.…",
          "a93": "No… It’s a thing; it’s like a plan, but with more greatness.…",
          "a94": "No… It’s a thing; it’s like a plan, but with more greatness.…",
          "a95": "No… It’s a thing; it’s like a plan, but with more greatness.…",
          "a96": "No… It’s a thing; it’s like a plan, but with more greatness.…",
          "a97": "No… It’s a thing; it’s like a plan, but with more greatness.…",
          "a98": "No… It’s a thing; it’s like a plan, but with more greatness.…",
          "a99": "No… It’s a thing; it’s like a plan, but with more greatness.…",
          "headline": "No… It’s a thing; it’s like a plan, but with more greatness.",
        },
      ],
    },
  },
}
`;
