// Jest Snapshot v1, https://goo.gl/fbAQLP

exports[`execute 1`] = `
Object {
  "data": Object {
    "a": Array [
      Object {
        "email": "john.smith@email.com",
        "id": 1,
        "name": "John Smith",
      },
      Object {
        "email": "sara.smith@email.com",
        "id": 2,
        "name": "Sara Smith",
      },
      Object {
        "email": "budd.deey@email.com",
        "id": 3,
        "name": "Budd Deey",
      },
      Object {
        "email": "kathryn.ramirez@email.com",
        "id": 4,
        "name": "Kathryn Ramirez",
      },
      Object {
        "email": "joe.tucker@email.com",
        "id": 5,
        "name": "Joe Tucker",
      },
      Object {
        "email": "graphile-build.issue.27.exists@example.com",
        "id": 6,
        "name": "Twenty Seventwo",
      },
    ],
    "b": Array [
      Object {
        "email": "john.smith@email.com",
        "id": 1,
        "name": "John Smith",
      },
      Object {
        "email": "sara.smith@email.com",
        "id": 2,
        "name": "Sara Smith",
      },
    ],
    "c": Array [
      Object {
        "email": "budd.deey@email.com",
        "id": 3,
        "name": "Budd Deey",
      },
      Object {
        "email": "joe.tucker@email.com",
        "id": 5,
        "name": "Joe Tucker",
      },
      Object {
        "email": "john.smith@email.com",
        "id": 1,
        "name": "John Smith",
      },
      Object {
        "email": "kathryn.ramirez@email.com",
        "id": 4,
        "name": "Kathryn Ramirez",
      },
      Object {
        "email": "sara.smith@email.com",
        "id": 2,
        "name": "Sara Smith",
      },
      Object {
        "email": "graphile-build.issue.27.exists@example.com",
        "id": 6,
        "name": "Twenty Seventwo",
      },
    ],
    "d": Array [
      Object {
        "email": "graphile-build.issue.27.exists@example.com",
        "id": 6,
        "name": "Twenty Seventwo",
      },
      Object {
        "email": "sara.smith@email.com",
        "id": 2,
        "name": "Sara Smith",
      },
      Object {
        "email": "kathryn.ramirez@email.com",
        "id": 4,
        "name": "Kathryn Ramirez",
      },
      Object {
        "email": "john.smith@email.com",
        "id": 1,
        "name": "John Smith",
      },
      Object {
        "email": "joe.tucker@email.com",
        "id": 5,
        "name": "Joe Tucker",
      },
      Object {
        "email": "budd.deey@email.com",
        "id": 3,
        "name": "Budd Deey",
      },
    ],
    "e": Array [
      Object {
        "authorId": 2,
        "headline": "No… It’s a thing; it’s like a plan, but with more greatness.",
      },
      Object {
        "authorId": 2,
        "headline": "It’s a fez. I wear a fez now. Fezes are cool.",
      },
      Object {
        "authorId": 2,
        "headline": "What’s with you kids? Every other day it’s food, food, food.",
      },
    ],
    "f": Array [
      Object {
        "authorId": 2,
        "headline": "No… It’s a thing; it’s like a plan, but with more greatness.",
      },
      Object {
        "authorId": 2,
        "headline": "It’s a fez. I wear a fez now. Fezes are cool.",
      },
    ],
    "g": Array [
      Object {
        "email": "sara.smith@email.com",
        "id": 2,
        "name": "Sara Smith",
      },
      Object {
        "email": "budd.deey@email.com",
        "id": 3,
        "name": "Budd Deey",
      },
      Object {
        "email": "kathryn.ramirez@email.com",
        "id": 4,
        "name": "Kathryn Ramirez",
      },
    ],
    "h": Array [],
    "i": Array [
      Object {
        "email": "john.smith@email.com",
        "id": 1,
        "name": "John Smith",
      },
      Object {
        "email": "sara.smith@email.com",
        "id": 2,
        "name": "Sara Smith",
      },
      Object {
        "email": "budd.deey@email.com",
        "id": 3,
        "name": "Budd Deey",
      },
      Object {
        "email": "kathryn.ramirez@email.com",
        "id": 4,
        "name": "Kathryn Ramirez",
      },
      Object {
        "email": "joe.tucker@email.com",
        "id": 5,
        "name": "Joe Tucker",
      },
      Object {
        "email": "graphile-build.issue.27.exists@example.com",
        "id": 6,
        "name": "Twenty Seventwo",
      },
    ],
    "j": Array [
      Object {
        "email": "john.smith@email.com",
        "id": 1,
        "name": "John Smith",
      },
      Object {
        "email": "sara.smith@email.com",
        "id": 2,
        "name": "Sara Smith",
      },
      Object {
        "email": "kathryn.ramirez@email.com",
        "id": 4,
        "name": "Kathryn Ramirez",
      },
      Object {
        "email": "joe.tucker@email.com",
        "id": 5,
        "name": "Joe Tucker",
      },
      Object {
        "email": "graphile-build.issue.27.exists@example.com",
        "id": 6,
        "name": "Twenty Seventwo",
      },
    ],
    "k": Array [
      Object {
        "authorId": 5,
        "headline": "Please, Don-Bot… look into your hard drive, and open your mercy file!",
      },
      Object {
        "authorId": 3,
        "headline": "You know how I sometimes have really brilliant ideas?",
      },
      Object {
        "authorId": 3,
        "headline": "They’re not aliens, they’re Earth…liens!",
      },
    ],
  },
}
`;
