// Jest Snapshot v1, https://goo.gl/fbAQLP

exports[`throws error when skipPlugins is passed a plugin that would not have loaded 1`] = `[Error: You tried to skip plugins that would never have been loaded anyway. Perhaps you've made a mistake in your skipPlugins list, or have sourced the plugin from a duplicate plugin module - check for duplicate modules in your 'node_modules' folder. The plugins that you requested to skip were: PluginThatWouldNotHaveLoadedAnyway]`;
